C:/Users/kadir.kose/Desktop/lora/LoRaWan-E5-Node-main/Projects/Applications/LoRaWAN/LoRaWAN_End_Node/Core/Src/sys_app.c:301:13:tiny_snprintf_like	16	static
C:/Users/kadir.kose/Desktop/lora/LoRaWan-E5-Node-main/Projects/Applications/LoRaWAN/LoRaWAN_End_Node/Core/Src/sys_app.c:265:13:TimestampNow	32	static
C:/Users/kadir.kose/Desktop/lora/LoRaWan-E5-Node-main/Projects/Applications/LoRaWAN/LoRaWAN_End_Node/Core/Src/sys_app.c:90:6:SystemApp_Init	8	static
C:/Users/kadir.kose/Desktop/lora/LoRaWan-E5-Node-main/Projects/Applications/LoRaWAN/LoRaWAN_End_Node/Core/Src/sys_app.c:145:6:UTIL_SEQ_Idle	8	static
C:/Users/kadir.kose/Desktop/lora/LoRaWan-E5-Node-main/Projects/Applications/LoRaWAN/LoRaWAN_End_Node/Core/Src/sys_app.c:156:9:GetBatteryLevel	8	static
C:/Users/kadir.kose/Desktop/lora/LoRaWan-E5-Node-main/Projects/Applications/LoRaWAN/LoRaWAN_End_Node/Core/Src/sys_app.c:188:9:GetTemperatureLevel	32	static
C:/Users/kadir.kose/Desktop/lora/LoRaWan-E5-Node-main/Projects/Applications/LoRaWAN/LoRaWAN_End_Node/Core/Src/sys_app.c:202:6:GetUniqueId	16	static
C:/Users/kadir.kose/Desktop/lora/LoRaWan-E5-Node-main/Projects/Applications/LoRaWAN/LoRaWAN_End_Node/Core/Src/sys_app.c:242:6:GetDevAddr	16	static
C:/Users/kadir.kose/Desktop/lora/LoRaWan-E5-Node-main/Projects/Applications/LoRaWAN/LoRaWAN_End_Node/Core/Src/sys_app.c:279:6:UTIL_ADV_TRACE_PreSendHook	8	static
C:/Users/kadir.kose/Desktop/lora/LoRaWan-E5-Node-main/Projects/Applications/LoRaWAN/LoRaWAN_End_Node/Core/Src/sys_app.c:290:6:UTIL_ADV_TRACE_PostSendHook	8	static
C:/Users/kadir.kose/Desktop/lora/LoRaWan-E5-Node-main/Projects/Applications/LoRaWAN/LoRaWAN_End_Node/Core/Src/sys_app.c:324:19:HAL_InitTick	0	static
C:/Users/kadir.kose/Desktop/lora/LoRaWan-E5-Node-main/Projects/Applications/LoRaWAN/LoRaWAN_End_Node/Core/Src/sys_app.c:339:10:HAL_GetTick	8	static
C:/Users/kadir.kose/Desktop/lora/LoRaWan-E5-Node-main/Projects/Applications/LoRaWAN/LoRaWAN_End_Node/Core/Src/sys_app.c:371:6:HAL_Delay	16	static
