C:/Users/kadir.kose/Desktop/lora/LoRaWan-E5-Node-main/Projects/Applications/LoRaWAN/LoRaWAN_End_Node/LoRaWAN/App/lora_app.c:675:13:OnTxTimerLedEvent	0	static
C:/Users/kadir.kose/Desktop/lora/LoRaWan-E5-Node-main/Projects/Applications/LoRaWAN/LoRaWAN_End_Node/LoRaWAN/App/lora_app.c:680:13:OnRxTimerLedEvent	0	static
C:/Users/kadir.kose/Desktop/lora/LoRaWan-E5-Node-main/Projects/Applications/LoRaWAN/LoRaWAN_End_Node/LoRaWAN/App/lora_app.c:786:13:OnSysTimeUpdate	0	static
C:/Users/kadir.kose/Desktop/lora/LoRaWan-E5-Node-main/Projects/Applications/LoRaWAN/LoRaWAN_End_Node/LoRaWAN/App/lora_app.c:834:13:OnTxFrameCtrlChanged	0	static
C:/Users/kadir.kose/Desktop/lora/LoRaWan-E5-Node-main/Projects/Applications/LoRaWAN/LoRaWAN_End_Node/LoRaWAN/App/lora_app.c:845:13:OnPingSlotPeriodicityChanged	0	static
C:/Users/kadir.kose/Desktop/lora/LoRaWan-E5-Node-main/Projects/Applications/LoRaWAN/LoRaWAN_End_Node/LoRaWAN/App/lora_app.c:751:13:OnBeaconStatusChange	72	static
C:/Users/kadir.kose/Desktop/lora/LoRaWan-E5-Node-main/Projects/Applications/LoRaWAN/LoRaWAN_End_Node/LoRaWAN/App/lora_app.c:793:13:OnClassChange	16	static
C:/Users/kadir.kose/Desktop/lora/LoRaWan-E5-Node-main/Projects/Applications/LoRaWAN/LoRaWAN_End_Node/LoRaWAN/App/lora_app.c:940:13:OnNvmDataChange	8	static
C:/Users/kadir.kose/Desktop/lora/LoRaWan-E5-Node-main/Projects/Applications/LoRaWAN/LoRaWAN_End_Node/LoRaWAN/App/lora_app.c:692:13:OnTxData	24	static
C:/Users/kadir.kose/Desktop/lora/LoRaWan-E5-Node-main/Projects/Applications/LoRaWAN/LoRaWAN_End_Node/LoRaWAN/App/lora_app.c:660:13:OnTxTimerEvent	8	static
C:/Users/kadir.kose/Desktop/lora/LoRaWan-E5-Node-main/Projects/Applications/LoRaWAN/LoRaWAN_End_Node/LoRaWAN/App/lora_app.c:800:13:OnMacProcessNotify	8	static
C:/Users/kadir.kose/Desktop/lora/LoRaWan-E5-Node-main/Projects/Applications/LoRaWAN/LoRaWAN_End_Node/LoRaWAN/App/lora_app.c:856:13:OnSystemReset	8	static,ignoring_inline_asm
C:/Users/kadir.kose/Desktop/lora/LoRaWan-E5-Node-main/Projects/Applications/LoRaWAN/LoRaWAN_End_Node/LoRaWAN/App/lora_app.c:812:13:OnTxPeriodicityChanged	8	static
C:/Users/kadir.kose/Desktop/lora/LoRaWan-E5-Node-main/Projects/Applications/LoRaWAN/LoRaWAN_End_Node/LoRaWAN/App/lora_app.c:721:13:OnJoinRequest	16	static
C:/Users/kadir.kose/Desktop/lora/LoRaWan-E5-Node-main/Projects/Applications/LoRaWAN/LoRaWAN_End_Node/LoRaWAN/App/lora_app.c:904:13:OnStopJoinTimerEvent	8	static
C:/Users/kadir.kose/Desktop/lora/LoRaWan-E5-Node-main/Projects/Applications/LoRaWAN/LoRaWAN_End_Node/LoRaWAN/App/lora_app.c:468:13:OnRxData	40	static
C:/Users/kadir.kose/Desktop/lora/LoRaWan-E5-Node-main/Projects/Applications/LoRaWAN/LoRaWAN_End_Node/LoRaWAN/App/lora_app.c:958:13:OnStoreContextRequest	16	static
C:/Users/kadir.kose/Desktop/lora/LoRaWan-E5-Node-main/Projects/Applications/LoRaWAN/LoRaWAN_End_Node/LoRaWAN/App/lora_app.c:973:13:OnRestoreContextRequest	8	static
C:/Users/kadir.kose/Desktop/lora/LoRaWan-E5-Node-main/Projects/Applications/LoRaWAN/LoRaWAN_End_Node/LoRaWAN/App/lora_app.c:870:13:StopJoin	16	static
C:/Users/kadir.kose/Desktop/lora/LoRaWan-E5-Node-main/Projects/Applications/LoRaWAN/LoRaWAN_End_Node/LoRaWAN/App/lora_app.c:918:13:StoreContext	8	static
C:/Users/kadir.kose/Desktop/lora/LoRaWan-E5-Node-main/Projects/Applications/LoRaWAN/LoRaWAN_End_Node/LoRaWAN/App/lora_app.c:546:13:SendTxData	56	static
C:/Users/kadir.kose/Desktop/lora/LoRaWan-E5-Node-main/Projects/Applications/LoRaWAN/LoRaWAN_End_Node/LoRaWAN/App/lora_app.c:685:13:OnJoinTimerLedEvent	8	static
C:/Users/kadir.kose/Desktop/lora/LoRaWan-E5-Node-main/Projects/Applications/LoRaWAN/LoRaWAN_End_Node/LoRaWAN/App/lora_app.c:349:6:LoRaWAN_Init	48	static
C:/Users/kadir.kose/Desktop/lora/LoRaWan-E5-Node-main/Projects/Applications/LoRaWAN/LoRaWAN_End_Node/LoRaWAN/App/lora_app.c:448:6:HAL_GPIO_EXTI_Callback	8	static
